// Jest Snapshot v1, https://goo.gl/fbAQLP

exports[`List shows items with values 1`] = `
<div
  className="list-group"
  onKeyDown={[Function]}
>
  <button
    className="list-group-item list-group-item-action"
    data-rr-ui-event-key={null}
    onClick={[Function]}
  >
    v1
  </button>
  <button
    className="list-group-item list-group-item-action"
    data-rr-ui-event-key={null}
    onClick={[Function]}
  >
    v2
  </button>
</div>
`;

exports[`List shows onclick function 1`] = `
<div
  className="list-group"
  onKeyDown={[Function]}
>
  <button
    className="list-group-item list-group-item-action"
    data-rr-ui-event-key={null}
    onClick={[Function]}
  >
    v1
  </button>
  <button
    className="list-group-item list-group-item-action"
    data-rr-ui-event-key={null}
    onClick={[Function]}
  >
    v2
  </button>
</div>
`;
